<html>
<body>
<pre>
<h1>礦ision Build Log</h1>
<h2>Tool Versions:</h2>
IDE-Version: μVision V5.37.0.0
Copyright (C) 2022 ARM Ltd and ARM Germany GmbH. All rights reserved.
License Information: binbin666 zhangjiejie666, nonono, LIC=D0D7S-LMMLG-GKWBG-V7CYG-YGS9D-KI7K4
 
Tool Versions:
Toolchain:       MDK-ARM Plus  Version: 5.37.0.0
Toolchain Path:  C:\keil\ARM\ARMCC\Bin
C Compiler:      Armcc.exe V5.04 update 1 (build 49)
Assembler:       Armasm.exe V5.04 update 1 (build 49)
Linker/Locator:  ArmLink.exe V5.04 update 1 (build 49)
Library Manager: ArmAr.exe V5.04 update 1 (build 49)
Hex Converter:   FromElf.exe V5.04 update 1 (build 49)
CPU DLL:         SARMCM3.DLL V5.37.0.0
Dialog DLL:      DARMSTM.DLL V1.69.1.0
Target DLL:      STLink\ST-LINKIII-KEIL_SWO.dll V3.0.9.0
Dialog DLL:      TARMSTM.DLL V1.67.1.0
 
<h2>Project:</h2>
C:\Users\zhangjiejie666\Desktop\看门狗实验\USER\KEY.uvprojx
Project File Date:  04/18/2023

<h2>Output:</h2>
*** Using Compiler 'V5.04 update 1 (build 49)', folder: 'C:\keil\ARM\ARMCC\Bin'
Rebuild target 'KEY'
assembling startup_stm32f10x_hd.s...
compiling iwdog.c...
..\HARDWARE\iwdog\iwdog .h(7): warning:  #1-D: last line of file ends without a newline
  #endif
..\HARDWARE\iwdog\iwdog.c: 1 warning, 0 errors
compiling led.c...
compiling main.c...
..\HARDWARE\iwdog\iwdog .h(7): warning:  #1-D: last line of file ends without a newline
  #endif
main.c(12): warning:  #177-D: variable "t" was declared but never referenced
  	u8 t=0;	  
main.c: 2 warnings, 0 errors
compiling stm32f10x_gpio.c...
compiling core_cm3.c...
compiling stm32f10x_it.c...
compiling stm32f10x_rcc.c...
compiling usart.c...
compiling key.c...
compiling system_stm32f10x.c...
compiling delay.c...
compiling stm32f10x_usart.c...
compiling sys.c...
compiling misc.c...
compiling stm32f10x_iwdg.c...
linking...
Program Size: Code=4900 RO-data=336 RW-data=56 ZI-data=1832  
FromELF: creating hex file...
"..\OBJ\KEY.axf" - 0 Error(s), 3 Warning(s).

<h2>Software Packages used:</h2>

Package Vendor: Keil
                http://www.keil.com/pack/Keil.STM32F1xx_DFP.2.2.0.pack
                Keil.STM32F1xx_DFP.2.2.0
                STMicroelectronics STM32F1 Series Device Support, Drivers and Examples

<h2>Collection of Component include folders:</h2>
  C:/keil/Keil/STM32F1xx_DFP/2.2.0/Device/Include

<h2>Collection of Component Files used:</h2>
Build Time Elapsed:  00:00:01
</pre>
</body>
</html>
